// Jest Snapshot v1, https://goo.gl/fbAQLP

exports[`Web APP Takes snapshot 1`] = `ShallowWrapper {}`;
