// Jest Snapshot v1, https://goo.gl/fbAQLP

exports[`Add Card The Add Card renders 1`] = `ShallowWrapper {}`;
